kind: ""
apiversion: ""
bases:
- ../../base
patchesStrategicMerge:
- redis-master-service.yaml
- redis-slave-service.yaml
