apiVersion: v1
kind: Service
metadata:
  labels:
    app: redis
    role: slave
    tier: backend
  name: redis-slave
spec:
  selector:
    zquotenum: "987"
