apiVersion: v1
kind: Service
metadata:
  labels:
    app: redis
    role: master
    tier: backend
  name: redis-master
spec:
  selector:
    zquotenum: "456"
